[demo.zytheme.com/cryptech/home-ico.html]
[demo.zytheme.com/cryptech/assets/images/favicon/favicon.png]
[demo.zytheme.com/cryptech/assets/css/external.css]
[demo.zytheme.com/cryptech/assets/css/bootstrap.min.css]
[demo.zytheme.com/cryptech/assets/css/style.css]
[demo.zytheme.com/cryptech/assets/revolution/css/settings.css]
[demo.zytheme.com/cryptech/assets/revolution/css/layers.css]
[demo.zytheme.com/cryptech/assets/revolution/css/navigation.css]
[backblue.gif]
[fade.gif]
[index.html]
[demo.zytheme.com/cryptech/assets/images/logo/logo-light.png]
[demo.zytheme.com/cryptech/assets/images/logo/logo-dark.png]
[demo.zytheme.com/cryptech/home-consulting.html]
[demo.zytheme.com/cryptech/home-blockchain.html]
[demo.zytheme.com/cryptech/home-advisor.html]
[demo.zytheme.com/cryptech/home-investment.html]
[demo.zytheme.com/cryptech/home-corporation.html]
[demo.zytheme.com/cryptech/page-about.html]
[demo.zytheme.com/cryptech/page-our-team.html]
[demo.zytheme.com/cryptech/page-how-works.html]
[demo.zytheme.com/cryptech/page-clients.html]
[demo.zytheme.com/cryptech/page-gallery.html]
[demo.zytheme.com/cryptech/page-contact.html]
[demo.zytheme.com/cryptech/page-faqs.html]
[demo.zytheme.com/cryptech/page-consultation.html]
[demo.zytheme.com/cryptech/services-grid.html]
[demo.zytheme.com/cryptech/services-single.html]
[demo.zytheme.com/cryptech/page-exchanges-rates.html]
[demo.zytheme.com/cryptech/page-market-data.html]
[demo.zytheme.com/cryptech/page-wallet.html]
[demo.zytheme.com/cryptech/page-pricing.html]
[demo.zytheme.com/cryptech/case-studies.html]
[demo.zytheme.com/cryptech/case-study-single-1.html]
[demo.zytheme.com/cryptech/case-study-single-2.html]
[demo.zytheme.com/cryptech/slider-1.html]
[demo.zytheme.com/cryptech/slider-2.html]
[demo.zytheme.com/cryptech/slider-3.html]
[demo.zytheme.com/cryptech/slider-4.html]
[demo.zytheme.com/cryptech/slider-5.html]
[demo.zytheme.com/cryptech/slider-6.html]
[demo.zytheme.com/cryptech/header-1.html]
[demo.zytheme.com/cryptech/header-2.html]
[demo.zytheme.com/cryptech/footer-1.html]
[demo.zytheme.com/cryptech/page-title-1.html]
[demo.zytheme.com/cryptech/page-title-2.html]
[demo.zytheme.com/cryptech/page-title-3.html]
[demo.zytheme.com/cryptech/page-title-4.html]
[demo.zytheme.com/cryptech/blog-grid.html]
[demo.zytheme.com/cryptech/blog-standard.html]
[demo.zytheme.com/cryptech/blog-single.html]
[demo.zytheme.com/cryptech/store-4columns.html]
[demo.zytheme.com/cryptech/store-with-sidebar.html]
[demo.zytheme.com/cryptech/store-single.html]
[demo.zytheme.com/cryptech/elements-testimonials.html]
[demo.zytheme.com/cryptech/elements-video-buttons.html]
[demo.zytheme.com/cryptech/elements-clients.html]
[demo.zytheme.com/cryptech/elements-accordion.html]
[demo.zytheme.com/cryptech/elements-cta.html]
[demo.zytheme.com/cryptech/elements-contact-form.html]
[demo.zytheme.com/cryptech/elements-team.html]
[demo.zytheme.com/cryptech/elements-countdown.html]
[demo.zytheme.com/cryptech/elements-counters.html]
[demo.zytheme.com/cryptech/elements-featured.html]
[demo.zytheme.com/cryptech/elements-pricing.html]
[demo.zytheme.com/cryptech/assets/images/sliders/slide-bg/5.jpg]
[demo.zytheme.com/cryptech/assets/images/sliders/slide-bg/3.jpg]
[demo.zytheme.com/cryptech/assets/images/chart/chart2.png]
[demo.zytheme.com/cryptech/assets/images/chart/chart3.png]
[demo.zytheme.com/cryptech/assets/images/chart/chart4.png]
[demo.zytheme.com/cryptech/assets/images/icons/BitcoinIcon4.png]
[demo.zytheme.com/cryptech/assets/images/icons/BitcoinIcon5.png]
[demo.zytheme.com/cryptech/assets/images/video/1.jpg]
[demo.zytheme.com/cryptech/assets/images/case/3col/1.jpg]
[demo.zytheme.com/cryptech/assets/images/case/3col/2.jpg]
[demo.zytheme.com/cryptech/assets/images/case/3col/3.jpg]
[demo.zytheme.com/cryptech/assets/images/case/3col/4.jpg]
[demo.zytheme.com/cryptech/assets/images/case/3col/5.jpg]
[demo.zytheme.com/cryptech/assets/images/case/3col/6.jpg]
[demo.zytheme.com/cryptech/assets/images/background/8.jpg]
[demo.zytheme.com/cryptech/assets/images/clients/7.png]
[demo.zytheme.com/cryptech/assets/images/clients/8.png]
[demo.zytheme.com/cryptech/assets/images/clients/9.png]
[demo.zytheme.com/cryptech/assets/images/clients/10.png]
[demo.zytheme.com/cryptech/assets/images/clients/11.png]
[demo.zytheme.com/cryptech/assets/images/clients/12.png]
[demo.zytheme.com/cryptech/assets/images/testimonial/2.png]
[demo.zytheme.com/cryptech/assets/images/testimonial/1.png]
[demo.zytheme.com/cryptech/assets/images/testimonial/3.png]
[demo.zytheme.com/cryptech/assets/images/footer/app-store.png]
[demo.zytheme.com/cryptech/assets/images/footer/google-play.png]
[demo.zytheme.com/cryptech/assets/images/footer/visa.png]
[demo.zytheme.com/cryptech/assets/images/footer/mastercard.png]
[demo.zytheme.com/cryptech/assets/images/footer/amex.png]
[demo.zytheme.com/cryptech/assets/images/footer/delta.png]
[demo.zytheme.com/cryptech/assets/images/footer/cirrus.png]
[demo.zytheme.com/cryptech/assets/images/footer/paypal.png]
[demo.zytheme.com/cryptech/assets/js/jquery-2.2.4.min.js]
[demo.zytheme.com/cryptech/assets/js/functions.js]
[demo.zytheme.com/cryptech/assets/js/plugins.js]
[demo.zytheme.com/cryptech/assets/revolution/js/jquery.themepunch.tools.min838f.js]
[demo.zytheme.com/cryptech/assets/revolution/js/jquery.themepunch.revolution.min838f.js]
[demo.zytheme.com/cryptech/assets/revolution/js/extensions/revolution.extension.video.min.js]
[demo.zytheme.com/cryptech/assets/revolution/js/extensions/revolution.extension.slideanims.min.js]
[demo.zytheme.com/cryptech/assets/revolution/js/extensions/revolution.extension.actions.min.js]
[demo.zytheme.com/cryptech/assets/revolution/js/extensions/revolution.extension.layeranimation.min.js]
[demo.zytheme.com/cryptech/assets/revolution/js/extensions/revolution.extension.kenburn.min.js]
[demo.zytheme.com/cryptech/assets/revolution/js/extensions/revolution.extension.navigation.min.js]
[demo.zytheme.com/cryptech/assets/revolution/js/extensions/revolution.extension.migration.min.js]
[demo.zytheme.com/cryptech/assets/revolution/js/extensions/revolution.extension.parallax.min.js]
[demo.zytheme.com/cryptech/assets/js/rsconfig.js]
[demo.zytheme.com/cryptech/home-ico.html]
[demo.zytheme.com/cryptech/assets/fonts/fontawesome-webfont5b62.eot]
[demo.zytheme.com/cryptech/assets/fonts/fontawesome-webfontd41d.eot]
[demo.zytheme.com/cryptech/assets/fonts/fontawesome-webfont5b62.woff2]
[demo.zytheme.com/cryptech/assets/fonts/fontawesome-webfont5b62.woff]
[demo.zytheme.com/cryptech/assets/fonts/fontawesome-webfont5b62.ttf]
[demo.zytheme.com/cryptech/assets/css/fonts/Linearicons-Free54e9.eot]
[demo.zytheme.com/cryptech/assets/css/fonts/Linearicons-Freed41d.eot]
[demo.zytheme.com/cryptech/assets/css/fonts/Linearicons-Free54e9.woff2]
[demo.zytheme.com/cryptech/assets/css/fonts/Linearicons-Free54e9.woff]
[demo.zytheme.com/cryptech/assets/css/fonts/Linearicons-Free54e9.ttf]
[demo.zytheme.com/cryptech/assets/css/fonts/et-line.eot]
[demo.zytheme.com/cryptech/assets/css/fonts/et-lined41d.eot]
[demo.zytheme.com/cryptech/assets/css/fonts/et-line.woff]
[demo.zytheme.com/cryptech/assets/css/external.css]
[demo.zytheme.com/cryptech/assets/css/fonts/et-line.svg]
[demo.zytheme.com/cryptech/assets/css/bootstrap.min.css]
[demo.zytheme.com/cryptech/assets/images/testimonial/icon.png]
[demo.zytheme.com/cryptech/assets/images/testimonial/icon-2.png]
[demo.zytheme.com/cryptech/assets/images/icons/divider.png]
[demo.zytheme.com/cryptech/assets/images/icons/bitcoin-icon.png]
[demo.zytheme.com/cryptech/assets/images/icons/dollor.png]
[demo.zytheme.com/cryptech/assets/images/icons/eur.png]
[demo.zytheme.com/cryptech/assets/images/icons/eth.png]
[demo.zytheme.com/cryptech/assets/images/icons/jpy.png]
[demo.zytheme.com/cryptech/assets/images/icons/chf.png]
[demo.zytheme.com/cryptech/assets/images/icons/ltc.png]
[demo.zytheme.com/cryptech/assets/images/icons/aud.png]
[demo.zytheme.com/cryptech/assets/images/icons/quote.png]
[demo.zytheme.com/cryptech/assets/images/icons/quote2.png]
[demo.zytheme.com/cryptech/assets/css/style.css]
[demo.zytheme.com/cryptech/assets/revolution/fonts/revicons/revicons90c6.eot]
[demo.zytheme.com/cryptech/assets/revolution/fonts/revicons/revicons90c6.woff]
[demo.zytheme.com/cryptech/assets/revolution/fonts/revicons/revicons90c6.ttf]
[demo.zytheme.com/cryptech/assets/revolution/fonts/revicons/revicons90c6.svg]
[demo.zytheme.com/cryptech/assets/revolution/css/openhand.cur]
[demo.zytheme.com/cryptech/assets/revolution/css/closedhand.cur]
[demo.zytheme.com/cryptech/assets/revolution/assets/gridtile.png]
[demo.zytheme.com/cryptech/assets/revolution/assets/gridtile_white.png]
[demo.zytheme.com/cryptech/assets/revolution/assets/gridtile_3x3.png]
[demo.zytheme.com/cryptech/assets/revolution/assets/gridtile_3x3_white.png]
[demo.zytheme.com/cryptech/assets/revolution/assets/coloredbg.png]
[demo.zytheme.com/cryptech/assets/revolution/assets/loader.gif]
[demo.zytheme.com/cryptech/assets/revolution/css/settings.css]
[demo.zytheme.com/cryptech/assets/revolution/css/layers.css]
[demo.zytheme.com/cryptech/assets/revolution/css/navigation.css]
[demo.zytheme.com/cryptech/index-2.html]
[demo.zytheme.com/cryptech/assets/images/sliders/slide-bg/1.jpg]
[demo.zytheme.com/cryptech/assets/images/sliders/slide-bg/2.jpg]
[demo.zytheme.com/cryptech/assets/images/background/6.jpg]
[demo.zytheme.com/cryptech/assets/images/background/7.jpg]
[demo.zytheme.com/cryptech/assets/images/clients/1.png]
[demo.zytheme.com/cryptech/assets/images/clients/2.png]
[demo.zytheme.com/cryptech/assets/images/clients/3.png]
[demo.zytheme.com/cryptech/assets/images/clients/4.png]
[demo.zytheme.com/cryptech/assets/images/clients/5.png]
[demo.zytheme.com/cryptech/assets/images/clients/6.png]
[demo.zytheme.com/cryptech/assets/images/team/grid/1.jpg]
[demo.zytheme.com/cryptech/assets/images/team/grid/2.jpg]
[demo.zytheme.com/cryptech/assets/images/team/grid/3.jpg]
[demo.zytheme.com/cryptech/assets/images/background/3.jpg]
[demo.zytheme.com/cryptech/assets/images/icons/BitcoinIcon1.png]
[demo.zytheme.com/cryptech/assets/images/icons/BitcoinIcon2.png]
[demo.zytheme.com/cryptech/assets/images/icons/BitcoinIcon3.png]
[demo.zytheme.com/cryptech/assets/images/mockups/chart-3.png]
[demo.zytheme.com/cryptech/assets/images/blog/grid/1.jpg]
[demo.zytheme.com/cryptech/assets/images/blog/grid/2.jpg]
[demo.zytheme.com/cryptech/assets/images/blog/grid/3.jpg]
[demo.zytheme.com/cryptech/assets/js/bitcoinCalculators.js]
[demo.zytheme.com/cryptech/assets/js/bitcoinPrice.js]
[demo.zytheme.com/cryptech/assets/js/bitcoinChart.js]
[demo.zytheme.com/cryptech/home-consulting.html]
[demo.zytheme.com/cryptech/assets/images/sliders/slide-bg/4.jpg]
[demo.zytheme.com/cryptech/assets/images/background/1.jpg]
[demo.zytheme.com/cryptech/assets/images/mockups/laptop-mockup.png]
[demo.zytheme.com/cryptech/assets/images/video/2.jpg]
[demo.zytheme.com/cryptech/assets/js/bitcoinTracker.js]
[demo.zytheme.com/cryptech/assets/js/bitcoinPriceWidgets.js]
[demo.zytheme.com/cryptech/home-blockchain.html]
[demo.zytheme.com/cryptech/home-advisor.html]
[demo.zytheme.com/cryptech/assets/images/sliders/slide-bg/7.jpg]
[demo.zytheme.com/cryptech/assets/images/sliders/slide-bg/6.jpg]
[demo.zytheme.com/cryptech/assets/images/background/10.jpg]
[demo.zytheme.com/cryptech/assets/images/video/3.jpg]
[demo.zytheme.com/cryptech/assets/images/background/9.jpg]
[demo.zytheme.com/cryptech/assets/js/plugins/jquery.gmap.min.js]
[demo.zytheme.com/cryptech/home-investment.html]
[demo.zytheme.com/cryptech/assets/images/background/5.jpg]
[demo.zytheme.com/cryptech/assets/images/background/11.jpg]
[demo.zytheme.com/cryptech/assets/images/video/4.jpg]
[demo.zytheme.com/cryptech/assets/images/background/12.jpg]
[demo.zytheme.com/cryptech/home-corporation.html]
[demo.zytheme.com/cryptech/assets/images/page-titles/5.jpg]
[demo.zytheme.com/cryptech/page-about.html]
[demo.zytheme.com/cryptech/assets/images/page-titles/6.jpg]
[demo.zytheme.com/cryptech/assets/images/team/grid/4.jpg]
[demo.zytheme.com/cryptech/assets/images/team/grid/5.jpg]
[demo.zytheme.com/cryptech/assets/images/team/grid/6.jpg]
[demo.zytheme.com/cryptech/page-our-team.html]
[demo.zytheme.com/cryptech/assets/images/page-titles/17.jpg]
[demo.zytheme.com/cryptech/page-how-works.html]
[demo.zytheme.com/cryptech/assets/images/page-titles/7.jpg]
[demo.zytheme.com/cryptech/assets/images/clients/13.png]
[demo.zytheme.com/cryptech/assets/images/clients/14.png]
[demo.zytheme.com/cryptech/assets/images/clients/15.png]
[demo.zytheme.com/cryptech/assets/images/clients/16.png]
[demo.zytheme.com/cryptech/assets/images/clients/17.png]
[demo.zytheme.com/cryptech/assets/images/clients/18.png]
[demo.zytheme.com/cryptech/assets/images/clients/19.png]
[demo.zytheme.com/cryptech/assets/images/clients/20.png]
[demo.zytheme.com/cryptech/page-clients.html]
[demo.zytheme.com/cryptech/assets/images/page-titles/10.jpg]
[demo.zytheme.com/cryptech/assets/images/gallery/1.jpg]
[demo.zytheme.com/cryptech/assets/images/gallery/full/1.jpg]
[demo.zytheme.com/cryptech/assets/images/gallery/2.jpg]
[demo.zytheme.com/cryptech/assets/images/gallery/full/2.jpg]
[demo.zytheme.com/cryptech/assets/images/gallery/3.jpg]
[demo.zytheme.com/cryptech/assets/images/gallery/full/3.jpg]
[demo.zytheme.com/cryptech/assets/images/gallery/4.jpg]
[demo.zytheme.com/cryptech/assets/images/gallery/full/4.jpg]
[demo.zytheme.com/cryptech/assets/images/gallery/5.jpg]
[demo.zytheme.com/cryptech/assets/images/gallery/full/5.jpg]
[demo.zytheme.com/cryptech/assets/images/gallery/6.jpg]
[demo.zytheme.com/cryptech/assets/images/gallery/full/6.jpg]
[demo.zytheme.com/cryptech/assets/images/gallery/7.jpg]
[demo.zytheme.com/cryptech/assets/images/gallery/full/7.jpg]
[demo.zytheme.com/cryptech/assets/images/gallery/8.jpg]
[demo.zytheme.com/cryptech/assets/images/gallery/full/8.jpg]
[demo.zytheme.com/cryptech/assets/images/gallery/9.jpg]
[demo.zytheme.com/cryptech/page-gallery.html]
[demo.zytheme.com/cryptech/assets/images/gallery/full/9.jpg]
[demo.zytheme.com/cryptech/assets/images/page-titles/8.jpg]
[demo.zytheme.com/cryptech/page-contact.html]
[demo.zytheme.com/cryptech/assets/images/page-titles/1.jpg]
[demo.zytheme.com/cryptech/page-faqs.html]
[demo.zytheme.com/cryptech/assets/images/page-titles/9.jpg]
[demo.zytheme.com/cryptech/page-consultation.html]
[demo.zytheme.com/cryptech/assets/images/page-titles/15.jpg]
[demo.zytheme.com/cryptech/assets/images/services/1.jpg]
[demo.zytheme.com/cryptech/assets/images/services/2.jpg]
[demo.zytheme.com/cryptech/assets/images/services/3.jpg]
[demo.zytheme.com/cryptech/assets/images/services/4.jpg]
[demo.zytheme.com/cryptech/assets/images/services/5.jpg]
[demo.zytheme.com/cryptech/assets/images/services/6.jpg]
[demo.zytheme.com/cryptech/services-grid.html]
[demo.zytheme.com/cryptech/assets/images/page-titles/16.jpg]
[demo.zytheme.com/cryptech/assets/images/services/chart-card.png]
[demo.zytheme.com/cryptech/services-single.html]
[demo.zytheme.com/cryptech/assets/images/page-titles/18.jpg]
[demo.zytheme.com/cryptech/page-exchanges-rates.html]
[demo.zytheme.com/cryptech/assets/js/bitcoinTrackerTheme.js]
[demo.zytheme.com/cryptech/page-market-data.html]
[demo.zytheme.com/cryptech/assets/images/page-titles/13.jpg]
[demo.zytheme.com/cryptech/assets/images/page-titles/11.jpg]
[demo.zytheme.com/cryptech/assets/images/icons/app-store-icon.png]
[demo.zytheme.com/cryptech/assets/images/icons/google-play-icon.png]
[demo.zytheme.com/cryptech/assets/images/mockups/mockup-1.png]
[demo.zytheme.com/cryptech/page-wallet.html]
[demo.zytheme.com/cryptech/page-pricing.html]
[demo.zytheme.com/cryptech/assets/images/page-titles/12.jpg]
[demo.zytheme.com/cryptech/case-studies.html]
[demo.zytheme.com/cryptech/assets/images/page-titles/14.jpg]
[demo.zytheme.com/cryptech/assets/images/icons/download.png]
[demo.zytheme.com/cryptech/assets/images/chart/chart.png]
[demo.zytheme.com/cryptech/assets/images/chart/chart-card.png]
[demo.zytheme.com/cryptech/case-study-single-1.html]
[demo.zytheme.com/cryptech/case-study-single-2.html]
[demo.zytheme.com/cryptech/slider-1.html]
[demo.zytheme.com/cryptech/slider-2.html]
[demo.zytheme.com/cryptech/slider-3.html]
[demo.zytheme.com/cryptech/slider-4.html]
[demo.zytheme.com/cryptech/slider-5.html]
[demo.zytheme.com/cryptech/slider-6.html]
[demo.zytheme.com/cryptech/header-1.html]
[demo.zytheme.com/cryptech/header-2.html]
[demo.zytheme.com/cryptech/footer-1.html]
[demo.zytheme.com/cryptech/page-title-1.html]
[demo.zytheme.com/cryptech/assets/images/page-titles/2.jpg]
[demo.zytheme.com/cryptech/page-title-2.html]
[demo.zytheme.com/cryptech/assets/images/page-titles/3.jpg]
[demo.zytheme.com/cryptech/page-title-3.html]
[demo.zytheme.com/cryptech/page-title-4.html]
[demo.zytheme.com/cryptech/assets/images/page-titles/4.jpg]
[demo.zytheme.com/cryptech/assets/images/blog/grid/4.jpg]
[demo.zytheme.com/cryptech/assets/images/blog/grid/5.jpg]
[demo.zytheme.com/cryptech/assets/images/blog/grid/6.jpg]
[demo.zytheme.com/cryptech/assets/images/blog/grid/7.jpg]
[demo.zytheme.com/cryptech/assets/images/blog/grid/8.jpg]
[demo.zytheme.com/cryptech/assets/images/blog/grid/9.jpg]
[demo.zytheme.com/cryptech/blog-grid.html]
[demo.zytheme.com/cryptech/assets/images/blog/standard/1.jpg]
[demo.zytheme.com/cryptech/assets/images/blog/standard/2.jpg]
[demo.zytheme.com/cryptech/assets/images/blog/standard/3.jpg]
[demo.zytheme.com/cryptech/assets/images/blog/thumb/1.jpg]
[demo.zytheme.com/cryptech/assets/images/blog/thumb/6.jpg]
[demo.zytheme.com/cryptech/assets/images/blog/thumb/2.jpg]
[demo.zytheme.com/cryptech/blog-standard.html]
[demo.zytheme.com/cryptech/assets/images/blog/thumb/3.jpg]
[demo.zytheme.com/cryptech/assets/images/blog/thumb/4.jpg]
[demo.zytheme.com/cryptech/assets/images/blog/thumb/5.jpg]
[demo.zytheme.com/cryptech/blog-single.html]
[demo.zytheme.com/cryptech/assets/images/shop/grid/1.png]
[demo.zytheme.com/cryptech/assets/images/shop/grid/2.png]
[demo.zytheme.com/cryptech/assets/images/shop/grid/3.png]
[demo.zytheme.com/cryptech/assets/images/shop/grid/4.png]
[demo.zytheme.com/cryptech/assets/images/shop/grid/5.png]
[demo.zytheme.com/cryptech/assets/images/shop/grid/6.png]
[demo.zytheme.com/cryptech/assets/images/shop/grid/7.png]
[demo.zytheme.com/cryptech/assets/images/shop/grid/8.png]
[demo.zytheme.com/cryptech/store-4columns.html]
[demo.zytheme.com/cryptech/assets/images/shop/thumb/1.png]
[demo.zytheme.com/cryptech/assets/images/shop/thumb/2.png]
[demo.zytheme.com/cryptech/assets/images/shop/thumb/3.png]
[demo.zytheme.com/cryptech/store-with-sidebar.html]
[demo.zytheme.com/cryptech/assets/images/shop/full/1.png]
[demo.zytheme.com/cryptech/store-single.html]
[demo.zytheme.com/cryptech/elements-testimonials.html]
[demo.zytheme.com/cryptech/elements-video-buttons.html]
[demo.zytheme.com/cryptech/elements-clients.html]
[demo.zytheme.com/cryptech/elements-accordion.html]
[demo.zytheme.com/cryptech/elements-cta.html]
[demo.zytheme.com/cryptech/elements-contact-form.html]
[demo.zytheme.com/cryptech/elements-team.html]
[demo.zytheme.com/cryptech/elements-countdown.html]
[demo.zytheme.com/cryptech/elements-counters.html]
[demo.zytheme.com/cryptech/elements-featured.html]
[demo.zytheme.com/cryptech/elements-pricing.html]
[demo.zytheme.com/cryptech/assets/js/widgets.html]
[demo.zytheme.com/cryptech/assets/fonts/fontawesome-webfont5b62.html]
[demo.zytheme.com/cryptech/assets/css/fonts/Stroke-Gap-Icons.html]
[demo.zytheme.com/cryptech/assets/css/fonts/Linearicons-Free54e9.html]
[demo.zytheme.com/cryptech/assets/css/owl.video.play.html]
[demo.zytheme.com/cryptech/assets/css/font/ytp-regular.html]
[demo.zytheme.com/cryptech/assets/css/fonts/et-line.html]
[demo.zytheme.com/cryptech/assets/css/fonts/et-line.svg]
[demo.zytheme.com/cryptech/assets/fonts/glyphicons-halflings-regular.html]
[demo.zytheme.com/cryptech/assets/fonts/glyphicons-halflings-regulard41d.html]
[demo.zytheme.com/cryptech/assets/fonts/glyphicons-halflings-regular-2.html]
[demo.zytheme.com/cryptech/assets/fonts/glyphicons-halflings-regular-3.html]
[demo.zytheme.com/cryptech/assets/fonts/glyphicons-halflings-regular-4.html]
[demo.zytheme.com/cryptech/assets/fonts/glyphicons-halflings-regular-5.html]
[demo.zytheme.com/cryptech/assets/css/polina.html]
[demo.zytheme.com/cryptech/assets/images/app/holder.html]
[demo.zytheme.com/cryptech/assets/images/background/patterns/wood-dark.html]
[demo.zytheme.com/cryptech/assets/revolution/fonts/revicons/revicons90c6.svg]
[demo.zytheme.com/cryptech/assets/images/page-title/title-1.html]
[demo.zytheme.com/cryptech/assets/images/page-title/title-8.html]
[demo.zytheme.com/cryptech/_http_/maps.gstatic.com/mapfiles/openhand_8_8.html]
