[bvite-html.pixelwibes.in/index.html]
[backblue.gif]
[fade.gif]
[index.html]
[bvite-html.pixelwibes.in/assets/images/favicon.ico]
[bvite-html.pixelwibes.in/assets/images/favicon-16x16.png]
[bvite-html.pixelwibes.in/assets/images/favicon-32x32.png]
[bvite-html.pixelwibes.in/assets/images/apple-touch-icon.png]
[bvite-html.pixelwibes.in/assets/css/style.min.css]
[bvite-html.pixelwibes.in/index-2.html]
[bvite-html.pixelwibes.in/my-profile.html]
[bvite-html.pixelwibes.in/blog.html]
[bvite-html.pixelwibes.in/docs/changelog.html]
[bvite-html.pixelwibes.in/assets/images/profile_av.png]
[bvite-html.pixelwibes.in/my-wallet.html]
[bvite-html.pixelwibes.in/my-task.html]
[bvite-html.pixelwibes.in/account-settings.html]
[bvite-html.pixelwibes.in/signin.html]
[bvite-html.pixelwibes.in/inbox.html]
[bvite-html.pixelwibes.in/chat.html]
[bvite-html.pixelwibes.in/calendar.html]
[bvite-html.pixelwibes.in/contact.html]
[bvite-html.pixelwibes.in/filemanager.html]
[bvite-html.pixelwibes.in/new-project.html]
[bvite-html.pixelwibes.in/project-list.html]
[bvite-html.pixelwibes.in/project-grid.html]
[bvite-html.pixelwibes.in/project-details.html]
[bvite-html.pixelwibes.in/clients-list.html]
[bvite-html.pixelwibes.in/user-activity.html]
[bvite-html.pixelwibes.in/gallery.html]
[bvite-html.pixelwibes.in/pricing.html]
[bvite-html.pixelwibes.in/search.html]
[bvite-html.pixelwibes.in/signup.html]
[bvite-html.pixelwibes.in/password-reset.html]
[bvite-html.pixelwibes.in/two-step.html]
[bvite-html.pixelwibes.in/lockscreen.html]
[bvite-html.pixelwibes.in/maintenance.html]
[bvite-html.pixelwibes.in/404.html]
[bvite-html.pixelwibes.in/docs/widgets-basic-card.html]
[bvite-html.pixelwibes.in/docs/widgets-card-tiles.html]
[bvite-html.pixelwibes.in/docs/widgets-card-tab.html]
[bvite-html.pixelwibes.in/table.html]
[bvite-html.pixelwibes.in/assets/images/xs/avatar1.jpg]
[bvite-html.pixelwibes.in/assets/images/xs/avatar2.jpg]
[bvite-html.pixelwibes.in/assets/images/xs/avatar3.jpg]
[bvite-html.pixelwibes.in/assets/images/xs/avatar4.jpg]
[bvite-html.pixelwibes.in/invoice.html]
[bvite-html.pixelwibes.in/my-contact.html]
[bvite-html.pixelwibes.in/analytics.html]
[bvite-html.pixelwibes.in/todo-list.html]
[bvite-html.pixelwibes.in/docs/accordion.html]
[bvite-html.pixelwibes.in/docs/alerts.html]
[bvite-html.pixelwibes.in/docs/avatar.html]
[bvite-html.pixelwibes.in/docs/badges.html]
[bvite-html.pixelwibes.in/docs/breadcrumb.html]
[bvite-html.pixelwibes.in/docs/buttons.html]
[bvite-html.pixelwibes.in/docs/cards.html]
[bvite-html.pixelwibes.in/docs/carousel.html]
[bvite-html.pixelwibes.in/docs/collapse.html]
[bvite-html.pixelwibes.in/docs/dropdowns.html]
[bvite-html.pixelwibes.in/docs/listgroup.html]
[bvite-html.pixelwibes.in/docs/modal.html]
[bvite-html.pixelwibes.in/docs/navbar.html]
[bvite-html.pixelwibes.in/docs/navstabs.html]
[bvite-html.pixelwibes.in/docs/offcanvas.html]
[bvite-html.pixelwibes.in/docs/pagination.html]
[bvite-html.pixelwibes.in/docs/placeholders.html]
[bvite-html.pixelwibes.in/docs/popovers.html]
[bvite-html.pixelwibes.in/docs/progress.html]
[bvite-html.pixelwibes.in/docs/spinners.html]
[bvite-html.pixelwibes.in/docs/toasts.html]
[bvite-html.pixelwibes.in/docs/bootstrap-icon.html]
[bvite-html.pixelwibes.in/docs/flag-icon.html]
[bvite-html.pixelwibes.in/docs/fontawesome-icon.html]
[bvite-html.pixelwibes.in/docs/linear-icon.html]
[bvite-html.pixelwibes.in/docs/weather-icon.html]
[bvite-html.pixelwibes.in/docs/apex.html]
[bvite-html.pixelwibes.in/docs/peity.html]
[bvite-html.pixelwibes.in/docs/datatables.html]
[bvite-html.pixelwibes.in/docs/flatpickr.html]
[bvite-html.pixelwibes.in/docs/inputmask.html]
[bvite-html.pixelwibes.in/docs/jsvectormap.html]
[bvite-html.pixelwibes.in/docs/sortablejs.html]
[bvite-html.pixelwibes.in/docs/sweetalert2.html]
[bvite-html.pixelwibes.in/docs/tagify.html]
[bvite-html.pixelwibes.in/docs/tiny-slider.html]
[bvite-html.pixelwibes.in/docs/toast-calendar.html]
[bvite-html.pixelwibes.in/docs/toast-editor.html]
[bvite-html.pixelwibes.in/form.html]
[bvite-html.pixelwibes.in/docs/index.html]
[bvite-html.pixelwibes.in/assets/images/xs/avatar5.jpg]
[bvite-html.pixelwibes.in/blog-detail.html]
[bvite-html.pixelwibes.in/assets/images/xs/avatar6.jpg]
[bvite-html.pixelwibes.in/assets/images/xs/avatar7.jpg]
[bvite-html.pixelwibes.in/assets/bundles/libscripts.bundle.js]
[bvite-html.pixelwibes.in/index.html]
[bvite-html.pixelwibes.in/assets/js/main.js]
[bvite-html.pixelwibes.in/assets/fonts/summernoted41d.eot]
[bvite-html.pixelwibes.in/assets/fonts/summernote.woff2]
[bvite-html.pixelwibes.in/assets/fonts/summernote.woff]
[bvite-html.pixelwibes.in/assets/fonts/summernote.ttf]
[bvite-html.pixelwibes.in/assets/fonts/fontawesome-webfont3e6e.eot]
[bvite-html.pixelwibes.in/assets/fonts/fontawesome-webfont3e6e.woff2]
[bvite-html.pixelwibes.in/assets/fonts/fontawesome-webfontd41d.eot]
[bvite-html.pixelwibes.in/assets/fonts/fontawesome-webfont3e6e.woff]
[bvite-html.pixelwibes.in/assets/fonts/fontawesome-webfont3e6e.ttf]
[bvite-html.pixelwibes.in/assets/css/style.min.css]
[bvite-html.pixelwibes.in/index-2.html]
[bvite-html.pixelwibes.in/assets/fonts/fontawesome-webfont3e6e.svg]
[bvite-html.pixelwibes.in/my-profile.html]
[bvite-html.pixelwibes.in/app.html]
[bvite-html.pixelwibes.in/assets/images/ads-01.png]
[bvite-html.pixelwibes.in/assets/images/gallery/1.jpg]
[bvite-html.pixelwibes.in/assets/images/gallery/2.jpg]
[bvite-html.pixelwibes.in/assets/images/gallery/3.jpg]
[bvite-html.pixelwibes.in/assets/images/gallery/4.jpg]
[bvite-html.pixelwibes.in/assets/images/gallery/5.jpg]
[bvite-html.pixelwibes.in/assets/images/gallery/6.jpg]
[bvite-html.pixelwibes.in/assets/images/gallery/7.jpg]
[bvite-html.pixelwibes.in/assets/images/gallery/8.jpg]
[bvite-html.pixelwibes.in/assets/images/gallery/9.jpg]
[bvite-html.pixelwibes.in/blog.html]
[bvite-html.pixelwibes.in/assets/css/prism.min.css]
[bvite-html.pixelwibes.in/docs/changelog.html]
[bvite-html.pixelwibes.in/assets/vendor/dataTables.min.css]
[bvite-html.pixelwibes.in/assets/bundles/dataTables.bundle.js]
[bvite-html.pixelwibes.in/my-wallet.html]
[bvite-html.pixelwibes.in/assets/bundles/peity.bundle.js]
[bvite-html.pixelwibes.in/my-task.html]
[bvite-html.pixelwibes.in/assets/images/visa.svg]
[bvite-html.pixelwibes.in/assets/images/mastercard.svg]
[bvite-html.pixelwibes.in/invoices.html]
[bvite-html.pixelwibes.in/account-settings.html]
[bvite-html.pixelwibes.in/assets/images/login-img.png]
[bvite-html.pixelwibes.in/signin.html]
[bvite-html.pixelwibes.in/assets/css/summernote.min.css]
[bvite-html.pixelwibes.in/assets/images/xs/avatar8.jpg]
[bvite-html.pixelwibes.in/assets/images/xs/avatar9.jpg]
[bvite-html.pixelwibes.in/assets/bundles/summernote.bundle.js]
[bvite-html.pixelwibes.in/inbox.html]
[bvite-html.pixelwibes.in/chat.html]
[bvite-html.pixelwibes.in/assets/css/toastui-calendar.min.css]
[bvite-html.pixelwibes.in/assets/bundles/toastui-calendar.bundle.js]
[bvite-html.pixelwibes.in/calendar.html]
[bvite-html.pixelwibes.in/assets/images/xs/avatar10.jpg]
[bvite-html.pixelwibes.in/contact.html]
[bvite-html.pixelwibes.in/assets/css/dataTables.min.css]
[bvite-html.pixelwibes.in/filemanager.html]
[bvite-html.pixelwibes.in/new-project.html]
[bvite-html.pixelwibes.in/project-list.html]
[bvite-html.pixelwibes.in/project-grid.html]
[bvite-html.pixelwibes.in/project-details.html]
[bvite-html.pixelwibes.in/clients-list.html]
[bvite-html.pixelwibes.in/user-activity.html]
[bvite-html.pixelwibes.in/gallery.html]
[bvite-html.pixelwibes.in/pricing.html]
[bvite-html.pixelwibes.in/search.html]
[bvite-html.pixelwibes.in/signup.html]
[bvite-html.pixelwibes.in/password-reset.html]
[bvite-html.pixelwibes.in/two-step.html]
[bvite-html.pixelwibes.in/lockscreen.html]
[bvite-html.pixelwibes.in/maintenance.html]
[bvite-html.pixelwibes.in/404.html]
[bvite-html.pixelwibes.in/docs/widgets-basic-card.html]
[bvite-html.pixelwibes.in/docs/widgets-card-tiles.html]
[bvite-html.pixelwibes.in/docs/widgets-card-tab.html]
[bvite-html.pixelwibes.in/assets/bundles/prism.bundle.js]
[bvite-html.pixelwibes.in/table.html]
[bvite-html.pixelwibes.in/invoice.html]
[bvite-html.pixelwibes.in/my-contact.html]
[bvite-html.pixelwibes.in/analytics.html]
[bvite-html.pixelwibes.in/todo-list.html]
[bvite-html.pixelwibes.in/docs/accordion.html]
[bvite-html.pixelwibes.in/docs/alerts.html]
[bvite-html.pixelwibes.in/docs/avatar.html]
[bvite-html.pixelwibes.in/docs/badges.html]
[bvite-html.pixelwibes.in/docs/breadcrumb.html]
[bvite-html.pixelwibes.in/docs/buttons.html]
[bvite-html.pixelwibes.in/docs/cards.html]
[bvite-html.pixelwibes.in/docs/carousel.html]
[bvite-html.pixelwibes.in/docs/collapse.html]
[bvite-html.pixelwibes.in/docs/dropdowns.html]
[bvite-html.pixelwibes.in/docs/listgroup.html]
[bvite-html.pixelwibes.in/docs/modal.html]
[bvite-html.pixelwibes.in/docs/navbar.html]
[bvite-html.pixelwibes.in/docs/5.1/forms/checks-radios/index.html]
[bvite-html.pixelwibes.in/docs/navstabs.html]
[bvite-html.pixelwibes.in/docs/offcanvas.html]
[bvite-html.pixelwibes.in/docs/pagination.html]
[bvite-html.pixelwibes.in/docs/placeholders.html]
[bvite-html.pixelwibes.in/docs/popovers.html]
[bvite-html.pixelwibes.in/docs/progress.html]
[bvite-html.pixelwibes.in/docs/spinners.html]
[bvite-html.pixelwibes.in/docs/toasts.html]
[bvite-html.pixelwibes.in/docs/bootstrap-icon.html]
[bvite-html.pixelwibes.in/assets/images/flags/4x3/af.svg]
[bvite-html.pixelwibes.in/assets/images/flags/4x3/ax.svg]
[bvite-html.pixelwibes.in/assets/images/flags/4x3/al.svg]
[bvite-html.pixelwibes.in/assets/images/flags/4x3/as.svg]
[bvite-html.pixelwibes.in/assets/images/flags/4x3/ad.svg]
[bvite-html.pixelwibes.in/assets/images/flags/4x3/ao.svg]
[bvite-html.pixelwibes.in/assets/images/flags/4x3/ai.svg]
[bvite-html.pixelwibes.in/assets/images/flags/4x3/ag.svg]
[bvite-html.pixelwibes.in/assets/images/flags/4x3/ar.svg]
[bvite-html.pixelwibes.in/assets/images/flags/4x3/aw.svg]
[bvite-html.pixelwibes.in/assets/images/flags/4x3/au.svg]
[bvite-html.pixelwibes.in/assets/images/flags/4x3/az.svg]
[bvite-html.pixelwibes.in/assets/images/flags/4x3/bs.svg]
[bvite-html.pixelwibes.in/assets/images/flags/4x3/bb.svg]
[bvite-html.pixelwibes.in/assets/images/flags/4x3/by.svg]
[bvite-html.pixelwibes.in/assets/images/flags/4x3/bz.svg]
[bvite-html.pixelwibes.in/assets/images/flags/4x3/bj.svg]
[bvite-html.pixelwibes.in/assets/images/flags/4x3/bm.svg]
[bvite-html.pixelwibes.in/assets/images/flags/4x3/bt.svg]
[bvite-html.pixelwibes.in/assets/images/flags/4x3/bo.svg]
[bvite-html.pixelwibes.in/assets/images/flags/4x3/ba.svg]
[bvite-html.pixelwibes.in/assets/images/flags/4x3/br.svg]
[bvite-html.pixelwibes.in/assets/images/flags/4x3/io.svg]
[bvite-html.pixelwibes.in/assets/images/flags/4x3/bn.svg]
[bvite-html.pixelwibes.in/assets/images/flags/4x3/bf.svg]
[bvite-html.pixelwibes.in/assets/images/flags/4x3/bi.svg]
[bvite-html.pixelwibes.in/assets/images/flags/4x3/cv.svg]
[bvite-html.pixelwibes.in/assets/images/flags/4x3/kh.svg]
[bvite-html.pixelwibes.in/assets/images/flags/4x3/cm.svg]
[bvite-html.pixelwibes.in/assets/images/flags/4x3/ca.svg]
[bvite-html.pixelwibes.in/assets/images/flags/4x3/ky.svg]
[bvite-html.pixelwibes.in/assets/images/flags/4x3/cf.svg]
[bvite-html.pixelwibes.in/assets/images/flags/4x3/cl.svg]
[bvite-html.pixelwibes.in/assets/images/flags/4x3/cn.svg]
[bvite-html.pixelwibes.in/assets/images/flags/4x3/cx.svg]
[bvite-html.pixelwibes.in/assets/images/flags/4x3/cc.svg]
[bvite-html.pixelwibes.in/assets/images/flags/4x3/km.svg]
[bvite-html.pixelwibes.in/assets/images/flags/4x3/ck.svg]
[bvite-html.pixelwibes.in/assets/images/flags/4x3/hr.svg]
[bvite-html.pixelwibes.in/assets/images/flags/4x3/cu.svg]
[bvite-html.pixelwibes.in/assets/images/flags/4x3/cw.svg]
[bvite-html.pixelwibes.in/assets/images/flags/4x3/cy.svg]
[bvite-html.pixelwibes.in/assets/images/flags/4x3/cd.svg]
[bvite-html.pixelwibes.in/assets/images/flags/4x3/dj.svg]
[bvite-html.pixelwibes.in/assets/images/flags/4x3/dm.svg]
[bvite-html.pixelwibes.in/assets/images/flags/4x3/do.svg]
[bvite-html.pixelwibes.in/assets/images/flags/4x3/ec.svg]
[bvite-html.pixelwibes.in/assets/images/flags/4x3/eg.svg]
[bvite-html.pixelwibes.in/assets/images/flags/4x3/sv.svg]
[bvite-html.pixelwibes.in/assets/images/flags/4x3/gq.svg]
[bvite-html.pixelwibes.in/assets/images/flags/4x3/er.svg]
[bvite-html.pixelwibes.in/assets/images/flags/4x3/ee.svg]
[bvite-html.pixelwibes.in/assets/images/flags/4x3/et.svg]
[bvite-html.pixelwibes.in/assets/images/flags/4x3/fk.svg]
[bvite-html.pixelwibes.in/assets/images/flags/4x3/fo.svg]
[bvite-html.pixelwibes.in/assets/images/flags/4x3/fm.svg]
[bvite-html.pixelwibes.in/assets/images/flags/4x3/fj.svg]
[bvite-html.pixelwibes.in/assets/images/flags/4x3/pf.svg]
[bvite-html.pixelwibes.in/assets/images/flags/4x3/tf.svg]
[bvite-html.pixelwibes.in/assets/images/flags/4x3/gm.svg]
[bvite-html.pixelwibes.in/assets/images/flags/4x3/ge.svg]
[bvite-html.pixelwibes.in/assets/images/flags/4x3/gi.svg]
[bvite-html.pixelwibes.in/assets/images/flags/4x3/gr.svg]
[bvite-html.pixelwibes.in/assets/images/flags/4x3/gd.svg]
[bvite-html.pixelwibes.in/assets/images/flags/4x3/gu.svg]
[bvite-html.pixelwibes.in/assets/images/flags/4x3/gt.svg]
[bvite-html.pixelwibes.in/assets/images/flags/4x3/gg.svg]
[bvite-html.pixelwibes.in/assets/images/flags/4x3/gw.svg]
[bvite-html.pixelwibes.in/assets/images/flags/4x3/gy.svg]
[bvite-html.pixelwibes.in/assets/images/flags/4x3/ht.svg]
[bvite-html.pixelwibes.in/assets/images/flags/4x3/va.svg]
[bvite-html.pixelwibes.in/assets/images/flags/4x3/hn.svg]
[bvite-html.pixelwibes.in/assets/images/flags/4x3/hk.svg]
[bvite-html.pixelwibes.in/assets/images/flags/4x3/is.svg]
[bvite-html.pixelwibes.in/assets/images/flags/4x3/in.svg]
[bvite-html.pixelwibes.in/assets/images/flags/4x3/ir.svg]
[bvite-html.pixelwibes.in/assets/images/flags/4x3/iq.svg]
[bvite-html.pixelwibes.in/assets/images/flags/4x3/im.svg]
[bvite-html.pixelwibes.in/assets/images/flags/4x3/il.svg]
[bvite-html.pixelwibes.in/assets/images/flags/4x3/jm.svg]
[bvite-html.pixelwibes.in/assets/images/flags/4x3/jp.svg]
[bvite-html.pixelwibes.in/assets/images/flags/4x3/je.svg]
[bvite-html.pixelwibes.in/assets/images/flags/4x3/jo.svg]
[bvite-html.pixelwibes.in/assets/images/flags/4x3/kz.svg]
[bvite-html.pixelwibes.in/assets/images/flags/4x3/ke.svg]
[bvite-html.pixelwibes.in/assets/images/flags/4x3/ki.svg]
[bvite-html.pixelwibes.in/assets/images/flags/4x3/xk.svg]
[bvite-html.pixelwibes.in/assets/images/flags/4x3/kw.svg]
[bvite-html.pixelwibes.in/assets/images/flags/4x3/kg.svg]
[bvite-html.pixelwibes.in/assets/images/flags/4x3/la.svg]
[bvite-html.pixelwibes.in/assets/images/flags/4x3/lb.svg]
[bvite-html.pixelwibes.in/assets/images/flags/4x3/ls.svg]
[bvite-html.pixelwibes.in/assets/images/flags/4x3/lr.svg]
[bvite-html.pixelwibes.in/assets/images/flags/4x3/ly.svg]
[bvite-html.pixelwibes.in/assets/images/flags/4x3/li.svg]
[bvite-html.pixelwibes.in/assets/images/flags/4x3/lt.svg]
[bvite-html.pixelwibes.in/assets/images/flags/4x3/mo.svg]
[bvite-html.pixelwibes.in/assets/images/flags/4x3/mg.svg]
[bvite-html.pixelwibes.in/assets/images/flags/4x3/mw.svg]
[bvite-html.pixelwibes.in/assets/images/flags/4x3/my.svg]
[bvite-html.pixelwibes.in/assets/images/flags/4x3/mt.svg]
[bvite-html.pixelwibes.in/assets/images/flags/4x3/mh.svg]
[bvite-html.pixelwibes.in/assets/images/flags/4x3/mr.svg]
[bvite-html.pixelwibes.in/assets/images/flags/4x3/mu.svg]
[bvite-html.pixelwibes.in/assets/images/flags/4x3/mx.svg]
[bvite-html.pixelwibes.in/assets/images/flags/4x3/md.svg]
[bvite-html.pixelwibes.in/assets/images/flags/4x3/mn.svg]
[bvite-html.pixelwibes.in/assets/images/flags/4x3/me.svg]
[bvite-html.pixelwibes.in/assets/images/flags/4x3/ms.svg]
[bvite-html.pixelwibes.in/assets/images/flags/4x3/mz.svg]
[bvite-html.pixelwibes.in/assets/images/flags/4x3/mm.svg]
[bvite-html.pixelwibes.in/assets/images/flags/4x3/na.svg]
[bvite-html.pixelwibes.in/assets/images/flags/4x3/nr.svg]
[bvite-html.pixelwibes.in/assets/images/flags/4x3/np.svg]
[bvite-html.pixelwibes.in/assets/images/flags/4x3/nc.svg]
[bvite-html.pixelwibes.in/assets/images/flags/4x3/nz.svg]
[bvite-html.pixelwibes.in/assets/images/flags/4x3/ni.svg]
[bvite-html.pixelwibes.in/assets/images/flags/4x3/nu.svg]
[bvite-html.pixelwibes.in/assets/images/flags/4x3/nf.svg]
[bvite-html.pixelwibes.in/assets/images/flags/4x3/kp.svg]
[bvite-html.pixelwibes.in/assets/images/flags/4x3/mk.svg]
[bvite-html.pixelwibes.in/assets/images/flags/4x3/gb-nir.svg]
[bvite-html.pixelwibes.in/assets/images/flags/4x3/mp.svg]
[bvite-html.pixelwibes.in/assets/images/flags/4x3/no.svg]
[bvite-html.pixelwibes.in/assets/images/flags/4x3/om.svg]
[bvite-html.pixelwibes.in/assets/images/flags/4x3/pk.svg]
[bvite-html.pixelwibes.in/assets/images/flags/4x3/pw.svg]
[bvite-html.pixelwibes.in/assets/images/flags/4x3/pa.svg]
[bvite-html.pixelwibes.in/assets/images/flags/4x3/pg.svg]
[bvite-html.pixelwibes.in/assets/images/flags/4x3/py.svg]
[bvite-html.pixelwibes.in/assets/images/flags/4x3/pe.svg]
[bvite-html.pixelwibes.in/assets/images/flags/4x3/ph.svg]
[bvite-html.pixelwibes.in/assets/images/flags/4x3/pn.svg]
[bvite-html.pixelwibes.in/assets/images/flags/4x3/pt.svg]
[bvite-html.pixelwibes.in/assets/images/flags/4x3/pr.svg]
[bvite-html.pixelwibes.in/assets/images/flags/4x3/qa.svg]
[bvite-html.pixelwibes.in/assets/images/flags/4x3/cg.svg]
[bvite-html.pixelwibes.in/assets/images/flags/4x3/ro.svg]
[bvite-html.pixelwibes.in/assets/images/flags/4x3/rw.svg]
[bvite-html.pixelwibes.in/assets/images/flags/4x3/sh.svg]
[bvite-html.pixelwibes.in/assets/images/flags/4x3/kn.svg]
[bvite-html.pixelwibes.in/assets/images/flags/4x3/lc.svg]
[bvite-html.pixelwibes.in/assets/images/flags/4x3/vc.svg]
[bvite-html.pixelwibes.in/assets/images/flags/4x3/ws.svg]
[bvite-html.pixelwibes.in/assets/images/flags/4x3/sm.svg]
[bvite-html.pixelwibes.in/assets/images/flags/4x3/st.svg]
[bvite-html.pixelwibes.in/assets/images/flags/4x3/sa.svg]
[bvite-html.pixelwibes.in/assets/images/flags/4x3/sn.svg]
[bvite-html.pixelwibes.in/assets/images/flags/4x3/rs.svg]
[bvite-html.pixelwibes.in/assets/images/flags/4x3/sc.svg]
[bvite-html.pixelwibes.in/assets/images/flags/4x3/sg.svg]
[bvite-html.pixelwibes.in/assets/images/flags/4x3/sx.svg]
[bvite-html.pixelwibes.in/assets/images/flags/4x3/sk.svg]
[bvite-html.pixelwibes.in/assets/images/flags/4x3/si.svg]
[bvite-html.pixelwibes.in/assets/images/flags/4x3/sb.svg]
[bvite-html.pixelwibes.in/assets/images/flags/4x3/so.svg]
[bvite-html.pixelwibes.in/assets/images/flags/4x3/za.svg]
[bvite-html.pixelwibes.in/assets/images/flags/4x3/gs.svg]
[bvite-html.pixelwibes.in/assets/images/flags/4x3/kr.svg]
[bvite-html.pixelwibes.in/assets/images/flags/4x3/ss.svg]
[bvite-html.pixelwibes.in/assets/images/flags/4x3/es.svg]
[bvite-html.pixelwibes.in/assets/images/flags/4x3/lk.svg]
[bvite-html.pixelwibes.in/assets/images/flags/4x3/ps.svg]
[bvite-html.pixelwibes.in/assets/images/flags/4x3/sd.svg]
[bvite-html.pixelwibes.in/assets/images/flags/4x3/sr.svg]
[bvite-html.pixelwibes.in/assets/images/flags/4x3/sj.svg]
[bvite-html.pixelwibes.in/assets/images/flags/4x3/sz.svg]
[bvite-html.pixelwibes.in/assets/images/flags/4x3/sy.svg]
[bvite-html.pixelwibes.in/assets/images/flags/4x3/tw.svg]
[bvite-html.pixelwibes.in/assets/images/flags/4x3/tj.svg]
[bvite-html.pixelwibes.in/assets/images/flags/4x3/tz.svg]
[bvite-html.pixelwibes.in/assets/images/flags/4x3/tl.svg]
[bvite-html.pixelwibes.in/assets/images/flags/4x3/tg.svg]
[bvite-html.pixelwibes.in/assets/images/flags/4x3/tk.svg]
[bvite-html.pixelwibes.in/assets/images/flags/4x3/to.svg]
[bvite-html.pixelwibes.in/assets/images/flags/4x3/tt.svg]
[bvite-html.pixelwibes.in/assets/images/flags/4x3/tn.svg]
[bvite-html.pixelwibes.in/assets/images/flags/4x3/tr.svg]
[bvite-html.pixelwibes.in/assets/images/flags/4x3/tm.svg]
[bvite-html.pixelwibes.in/assets/images/flags/4x3/tc.svg]
[bvite-html.pixelwibes.in/assets/images/flags/4x3/tv.svg]
[bvite-html.pixelwibes.in/assets/images/flags/4x3/ug.svg]
[bvite-html.pixelwibes.in/assets/images/flags/4x3/gb.svg]
[bvite-html.pixelwibes.in/assets/images/flags/4x3/um.svg]
[bvite-html.pixelwibes.in/assets/images/flags/4x3/us.svg]
[bvite-html.pixelwibes.in/assets/images/flags/4x3/uy.svg]
[bvite-html.pixelwibes.in/assets/images/flags/4x3/uz.svg]
[bvite-html.pixelwibes.in/assets/images/flags/4x3/vu.svg]
[bvite-html.pixelwibes.in/assets/images/flags/4x3/ve.svg]
[bvite-html.pixelwibes.in/assets/images/flags/4x3/vn.svg]
[bvite-html.pixelwibes.in/assets/images/flags/4x3/vg.svg]
[bvite-html.pixelwibes.in/assets/images/flags/4x3/vi.svg]
[bvite-html.pixelwibes.in/assets/images/flags/4x3/gb-wls.svg]
[bvite-html.pixelwibes.in/assets/images/flags/4x3/eh.svg]
[bvite-html.pixelwibes.in/assets/images/flags/4x3/zm.svg]
[bvite-html.pixelwibes.in/assets/images/flags/4x3/zw.svg]
[bvite-html.pixelwibes.in/docs/flag-icon.html]
[bvite-html.pixelwibes.in/docs/fontawesome-icon.html]
[bvite-html.pixelwibes.in/docs/linear-icon.html]
[bvite-html.pixelwibes.in/docs/weather-icon.html]
[bvite-html.pixelwibes.in/docs/apex.html]
[bvite-html.pixelwibes.in/docs/peity.html]
[bvite-html.pixelwibes.in/docs/datatables.html]
[bvite-html.pixelwibes.in/assets/css/flatpickr.min.css]
[bvite-html.pixelwibes.in/assets/bundles/flatpickr.bundle.js]
[bvite-html.pixelwibes.in/docs/flatpickr.html]
[bvite-html.pixelwibes.in/assets/bundles/inputmask.bundle.js]
[bvite-html.pixelwibes.in/docs/inputmask.html]
[bvite-html.pixelwibes.in/assets/css/jsvectormap.min.css]
[bvite-html.pixelwibes.in/assets/bundles/jsvectormap.bundle.js]
[bvite-html.pixelwibes.in/docs/jsvectormap.html]
[bvite-html.pixelwibes.in/assets/bundles/sortablejs.bundle.js]
[bvite-html.pixelwibes.in/docs/sortablejs.html]
[bvite-html.pixelwibes.in/assets/css/sweetalert2.min.css]
[bvite-html.pixelwibes.in/assets/bundles/sweetalert2.bundle.js]
[bvite-html.pixelwibes.in/docs/sweetalert2.html]
[bvite-html.pixelwibes.in/assets/css/tagify.min.css]
[bvite-html.pixelwibes.in/assets/bundles/tagify.bundle.js]
[bvite-html.pixelwibes.in/docs/tagify.html]
[bvite-html.pixelwibes.in/assets/css/tinyslider.min.css]
[bvite-html.pixelwibes.in/assets/bundles/tinyslider.bundle.js]
[bvite-html.pixelwibes.in/docs/tiny-slider.html]
[bvite-html.pixelwibes.in/node_modules/tui-code-snippet/dist/tui-code-snippet.min.js]
[bvite-html.pixelwibes.in/node_modules/tui-time-picker/dist/tui-time-picker.js]
[bvite-html.pixelwibes.in/node_modules/tui-date-picker/dist/tui-date-picker.js]
[bvite-html.pixelwibes.in/docs/toast-calendar.html]
[bvite-html.pixelwibes.in/docs/toast-editor.html]
[bvite-html.pixelwibes.in/assets/css/select2.min.css]
[bvite-html.pixelwibes.in/assets/bundles/select2.bundle.js]
[bvite-html.pixelwibes.in/form.html]
[bvite-html.pixelwibes.in/docs/index.html]
[bvite-html.pixelwibes.in/assets/images/blog-img.png]
[bvite-html.pixelwibes.in/blog-detail.html]
[bvite-html.pixelwibes.in/assets/bundles/libscripts.bundle.js]
[bvite-html.pixelwibes.in/assets/js/main.js]
[bvite-html.pixelwibes.in/assets/fonts/fontawesome-webfont3e6e.svg]
[bvite-html.pixelwibes.in/app.html]
[bvite-html.pixelwibes.in/assets/css/prism.min.css]
[bvite-html.pixelwibes.in/assets/vendor/dataTables.min.css]
[bvite-html.pixelwibes.in/assets/bundles/dataTables.bundle.js]
[bvite-html.pixelwibes.in/assets/bundles/peity.bundle.js]
[bvite-html.pixelwibes.in/assets/images/visa.svg]
[bvite-html.pixelwibes.in/assets/images/mastercard.svg]
[bvite-html.pixelwibes.in/invoices.html]
[bvite-html.pixelwibes.in/assets/css/font/summernote.18fd41d.delayed]
[bvite-html.pixelwibes.in/assets/css/font/summernote.woff2]
[bvite-html.pixelwibes.in/assets/css/font/summernote.woff]
[bvite-html.pixelwibes.in/assets/css/font/summernote.ttf]
[bvite-html.pixelwibes.in/assets/css/summernote.min.css]
[bvite-html.pixelwibes.in/assets/bundles/summernote.bundle.js]
[bvite-html.pixelwibes.in/assets/css/toastui-calendar.min.css]
[bvite-html.pixelwibes.in/assets/bundles/toastui-calendar.bundle.js]
[bvite-html.pixelwibes.in/assets/css/dataTables.min.css]
[bvite-html.pixelwibes.in/resize/index.html]
[bvite-html.pixelwibes.in/move/index.html]
[bvite-html.pixelwibes.in/GET.193.delayed]
[bvite-html.pixelwibes.in/assets/bundles/prism.bundle.js]
[bvite-html.pixelwibes.in/docs/5.1/forms/checks-radios/index.html]
[bvite-html.pixelwibes.in/assets/images/flags/4x3/af.svg]
[bvite-html.pixelwibes.in/assets/images/flags/4x3/ax.svg]
[bvite-html.pixelwibes.in/assets/images/flags/4x3/al.svg]
[bvite-html.pixelwibes.in/assets/images/flags/4x3/dz.svg]
[bvite-html.pixelwibes.in/assets/images/flags/4x3/as.svg]
[bvite-html.pixelwibes.in/assets/images/flags/4x3/ad.svg]
[bvite-html.pixelwibes.in/assets/images/flags/4x3/ao.svg]
[bvite-html.pixelwibes.in/assets/images/flags/4x3/ai.svg]
[bvite-html.pixelwibes.in/assets/images/flags/4x3/ag.svg]
[bvite-html.pixelwibes.in/assets/images/flags/4x3/ar.svg]
[bvite-html.pixelwibes.in/assets/images/flags/4x3/am.svg]
[bvite-html.pixelwibes.in/assets/images/flags/4x3/aw.svg]
[bvite-html.pixelwibes.in/assets/images/flags/4x3/au.svg]
[bvite-html.pixelwibes.in/assets/images/flags/4x3/at.svg]
[bvite-html.pixelwibes.in/assets/images/flags/4x3/az.svg]
[bvite-html.pixelwibes.in/assets/images/flags/4x3/bs.svg]
[bvite-html.pixelwibes.in/assets/images/flags/4x3/bh.svg]
[bvite-html.pixelwibes.in/assets/images/flags/4x3/bd.svg]
[bvite-html.pixelwibes.in/assets/images/flags/4x3/bb.svg]
[bvite-html.pixelwibes.in/assets/images/flags/4x3/by.svg]
[bvite-html.pixelwibes.in/assets/images/flags/4x3/be.svg]
[bvite-html.pixelwibes.in/assets/images/flags/4x3/bz.svg]
[bvite-html.pixelwibes.in/assets/images/flags/4x3/bj.svg]
[bvite-html.pixelwibes.in/assets/images/flags/4x3/bm.svg]
[bvite-html.pixelwibes.in/assets/images/flags/4x3/bt.svg]
[bvite-html.pixelwibes.in/assets/images/flags/4x3/bo.svg]
[bvite-html.pixelwibes.in/assets/images/flags/4x3/bq.svg]
[bvite-html.pixelwibes.in/assets/images/flags/4x3/ba.svg]
[bvite-html.pixelwibes.in/assets/images/flags/4x3/bw.svg]
[bvite-html.pixelwibes.in/assets/images/flags/4x3/br.svg]
[bvite-html.pixelwibes.in/assets/images/flags/4x3/io.svg]
[bvite-html.pixelwibes.in/assets/images/flags/4x3/bn.svg]
[bvite-html.pixelwibes.in/assets/images/flags/4x3/bg.svg]
[bvite-html.pixelwibes.in/assets/images/flags/4x3/bf.svg]
[bvite-html.pixelwibes.in/assets/images/flags/4x3/bi.svg]
[bvite-html.pixelwibes.in/assets/images/flags/4x3/cv.svg]
[bvite-html.pixelwibes.in/assets/images/flags/4x3/kh.svg]
[bvite-html.pixelwibes.in/assets/images/flags/4x3/cm.svg]
[bvite-html.pixelwibes.in/assets/images/flags/4x3/ca.svg]
[bvite-html.pixelwibes.in/assets/images/flags/4x3/ky.svg]
[bvite-html.pixelwibes.in/assets/images/flags/4x3/cf.svg]
[bvite-html.pixelwibes.in/assets/images/flags/4x3/td.svg]
[bvite-html.pixelwibes.in/assets/images/flags/4x3/cl.svg]
[bvite-html.pixelwibes.in/assets/images/flags/4x3/cn.svg]
[bvite-html.pixelwibes.in/assets/images/flags/4x3/cx.svg]
[bvite-html.pixelwibes.in/assets/images/flags/4x3/cc.svg]
[bvite-html.pixelwibes.in/assets/images/flags/4x3/co.svg]
[bvite-html.pixelwibes.in/assets/images/flags/4x3/km.svg]
[bvite-html.pixelwibes.in/assets/images/flags/4x3/ck.svg]
[bvite-html.pixelwibes.in/assets/images/flags/4x3/cr.svg]
[bvite-html.pixelwibes.in/assets/images/flags/4x3/hr.svg]
[bvite-html.pixelwibes.in/assets/images/flags/4x3/cu.svg]
[bvite-html.pixelwibes.in/assets/images/flags/4x3/cw.svg]
[bvite-html.pixelwibes.in/assets/images/flags/4x3/cy.svg]
[bvite-html.pixelwibes.in/assets/images/flags/4x3/cz.svg]
[bvite-html.pixelwibes.in/assets/images/flags/4x3/ci.svg]
[bvite-html.pixelwibes.in/assets/images/flags/4x3/cd.svg]
[bvite-html.pixelwibes.in/assets/images/flags/4x3/dk.svg]
[bvite-html.pixelwibes.in/assets/images/flags/4x3/dj.svg]
[bvite-html.pixelwibes.in/assets/images/flags/4x3/dm.svg]
[bvite-html.pixelwibes.in/assets/images/flags/4x3/do.svg]
[bvite-html.pixelwibes.in/assets/images/flags/4x3/ec.svg]
[bvite-html.pixelwibes.in/assets/images/flags/4x3/eg.svg]
[bvite-html.pixelwibes.in/assets/images/flags/4x3/sv.svg]
[bvite-html.pixelwibes.in/assets/images/flags/4x3/gb-eng.svg]
[bvite-html.pixelwibes.in/assets/images/flags/4x3/gq.svg]
[bvite-html.pixelwibes.in/assets/images/flags/4x3/er.svg]
[bvite-html.pixelwibes.in/assets/images/flags/4x3/ee.svg]
[bvite-html.pixelwibes.in/assets/images/flags/4x3/et.svg]
[bvite-html.pixelwibes.in/assets/images/flags/4x3/fk.svg]
[bvite-html.pixelwibes.in/assets/images/flags/4x3/fo.svg]
[bvite-html.pixelwibes.in/assets/images/flags/4x3/fm.svg]
[bvite-html.pixelwibes.in/assets/images/flags/4x3/fj.svg]
[bvite-html.pixelwibes.in/assets/images/flags/4x3/fi.svg]
[bvite-html.pixelwibes.in/assets/images/flags/4x3/fr.svg]
[bvite-html.pixelwibes.in/assets/images/flags/4x3/gf.svg]
[bvite-html.pixelwibes.in/assets/images/flags/4x3/pf.svg]
[bvite-html.pixelwibes.in/assets/images/flags/4x3/tf.svg]
[bvite-html.pixelwibes.in/assets/images/flags/4x3/ga.svg]
[bvite-html.pixelwibes.in/assets/images/flags/4x3/gm.svg]
[bvite-html.pixelwibes.in/assets/images/flags/4x3/ge.svg]
[bvite-html.pixelwibes.in/assets/images/flags/4x3/de.svg]
[bvite-html.pixelwibes.in/assets/images/flags/4x3/gh.svg]
[bvite-html.pixelwibes.in/assets/images/flags/4x3/gi.svg]
[bvite-html.pixelwibes.in/assets/images/flags/4x3/gr.svg]
[bvite-html.pixelwibes.in/assets/images/flags/4x3/gl.svg]
[bvite-html.pixelwibes.in/assets/images/flags/4x3/gd.svg]
[bvite-html.pixelwibes.in/assets/images/flags/4x3/gp.svg]
[bvite-html.pixelwibes.in/assets/images/flags/4x3/gu.svg]
[bvite-html.pixelwibes.in/assets/images/flags/4x3/gt.svg]
[bvite-html.pixelwibes.in/assets/images/flags/4x3/gg.svg]
[bvite-html.pixelwibes.in/assets/images/flags/4x3/gn.svg]
[bvite-html.pixelwibes.in/assets/images/flags/4x3/gw.svg]
[bvite-html.pixelwibes.in/assets/images/flags/4x3/gy.svg]
[bvite-html.pixelwibes.in/assets/images/flags/4x3/ht.svg]
[bvite-html.pixelwibes.in/assets/images/flags/4x3/va.svg]
[bvite-html.pixelwibes.in/assets/images/flags/4x3/hn.svg]
[bvite-html.pixelwibes.in/assets/images/flags/4x3/hk.svg]
[bvite-html.pixelwibes.in/assets/images/flags/4x3/hu.svg]
[bvite-html.pixelwibes.in/assets/images/flags/4x3/is.svg]
[bvite-html.pixelwibes.in/assets/images/flags/4x3/in.svg]
[bvite-html.pixelwibes.in/assets/images/flags/4x3/id.svg]
[bvite-html.pixelwibes.in/assets/images/flags/4x3/ir.svg]
[bvite-html.pixelwibes.in/assets/images/flags/4x3/iq.svg]
[bvite-html.pixelwibes.in/assets/images/flags/4x3/ie.svg]
[bvite-html.pixelwibes.in/assets/images/flags/4x3/im.svg]
[bvite-html.pixelwibes.in/assets/images/flags/4x3/il.svg]
[bvite-html.pixelwibes.in/assets/images/flags/4x3/it.svg]
[bvite-html.pixelwibes.in/assets/images/flags/4x3/jm.svg]
[bvite-html.pixelwibes.in/assets/images/flags/4x3/jp.svg]
[bvite-html.pixelwibes.in/assets/images/flags/4x3/je.svg]
[bvite-html.pixelwibes.in/assets/images/flags/4x3/jo.svg]
[bvite-html.pixelwibes.in/assets/images/flags/4x3/kz.svg]
[bvite-html.pixelwibes.in/assets/images/flags/4x3/ke.svg]
[bvite-html.pixelwibes.in/assets/images/flags/4x3/ki.svg]
[bvite-html.pixelwibes.in/assets/images/flags/4x3/xk.svg]
[bvite-html.pixelwibes.in/assets/images/flags/4x3/kw.svg]
[bvite-html.pixelwibes.in/assets/images/flags/4x3/kg.svg]
[bvite-html.pixelwibes.in/assets/images/flags/4x3/la.svg]
[bvite-html.pixelwibes.in/assets/images/flags/4x3/lv.svg]
[bvite-html.pixelwibes.in/assets/images/flags/4x3/lb.svg]
[bvite-html.pixelwibes.in/assets/images/flags/4x3/ls.svg]
[bvite-html.pixelwibes.in/assets/images/flags/4x3/lr.svg]
[bvite-html.pixelwibes.in/assets/images/flags/4x3/ly.svg]
[bvite-html.pixelwibes.in/assets/images/flags/4x3/li.svg]
[bvite-html.pixelwibes.in/assets/images/flags/4x3/lt.svg]
[bvite-html.pixelwibes.in/assets/images/flags/4x3/lu.svg]
[bvite-html.pixelwibes.in/assets/images/flags/4x3/mo.svg]
[bvite-html.pixelwibes.in/assets/images/flags/4x3/mg.svg]
[bvite-html.pixelwibes.in/assets/images/flags/4x3/mw.svg]
[bvite-html.pixelwibes.in/assets/images/flags/4x3/my.svg]
[bvite-html.pixelwibes.in/assets/images/flags/4x3/mv.svg]
[bvite-html.pixelwibes.in/assets/images/flags/4x3/ml.svg]
[bvite-html.pixelwibes.in/assets/images/flags/4x3/mt.svg]
[bvite-html.pixelwibes.in/assets/images/flags/4x3/mh.svg]
[bvite-html.pixelwibes.in/assets/images/flags/4x3/mq.svg]
[bvite-html.pixelwibes.in/assets/images/flags/4x3/mr.svg]
[bvite-html.pixelwibes.in/assets/images/flags/4x3/mu.svg]
[bvite-html.pixelwibes.in/assets/images/flags/4x3/yt.svg]
[bvite-html.pixelwibes.in/assets/images/flags/4x3/mx.svg]
[bvite-html.pixelwibes.in/assets/images/flags/4x3/md.svg]
[bvite-html.pixelwibes.in/assets/images/flags/4x3/mc.svg]
[bvite-html.pixelwibes.in/assets/images/flags/4x3/mn.svg]
[bvite-html.pixelwibes.in/assets/images/flags/4x3/me.svg]
[bvite-html.pixelwibes.in/assets/images/flags/4x3/ms.svg]
[bvite-html.pixelwibes.in/assets/images/flags/4x3/ma.svg]
[bvite-html.pixelwibes.in/assets/images/flags/4x3/mz.svg]
[bvite-html.pixelwibes.in/assets/images/flags/4x3/mm.svg]
[bvite-html.pixelwibes.in/assets/images/flags/4x3/na.svg]
[bvite-html.pixelwibes.in/assets/images/flags/4x3/nr.svg]
[bvite-html.pixelwibes.in/assets/images/flags/4x3/np.svg]
[bvite-html.pixelwibes.in/assets/images/flags/4x3/nl.svg]
[bvite-html.pixelwibes.in/assets/images/flags/4x3/nc.svg]
[bvite-html.pixelwibes.in/assets/images/flags/4x3/nz.svg]
[bvite-html.pixelwibes.in/assets/images/flags/4x3/ni.svg]
[bvite-html.pixelwibes.in/assets/images/flags/4x3/ne.svg]
[bvite-html.pixelwibes.in/assets/images/flags/4x3/ng.svg]
[bvite-html.pixelwibes.in/assets/images/flags/4x3/nu.svg]
[bvite-html.pixelwibes.in/assets/images/flags/4x3/nf.svg]
[bvite-html.pixelwibes.in/assets/images/flags/4x3/kp.svg]
[bvite-html.pixelwibes.in/assets/images/flags/4x3/mk.svg]
[bvite-html.pixelwibes.in/assets/images/flags/4x3/gb-nir.svg]
[bvite-html.pixelwibes.in/assets/images/flags/4x3/mp.svg]
[bvite-html.pixelwibes.in/assets/images/flags/4x3/no.svg]
[bvite-html.pixelwibes.in/assets/images/flags/4x3/om.svg]
[bvite-html.pixelwibes.in/assets/images/flags/4x3/pk.svg]
[bvite-html.pixelwibes.in/assets/images/flags/4x3/pw.svg]
[bvite-html.pixelwibes.in/assets/images/flags/4x3/pa.svg]
[bvite-html.pixelwibes.in/assets/images/flags/4x3/pg.svg]
[bvite-html.pixelwibes.in/assets/images/flags/4x3/py.svg]
[bvite-html.pixelwibes.in/assets/images/flags/4x3/pe.svg]
[bvite-html.pixelwibes.in/assets/images/flags/4x3/ph.svg]
[bvite-html.pixelwibes.in/assets/images/flags/4x3/pn.svg]
[bvite-html.pixelwibes.in/assets/images/flags/4x3/pl.svg]
[bvite-html.pixelwibes.in/assets/images/flags/4x3/pt.svg]
[bvite-html.pixelwibes.in/assets/images/flags/4x3/pr.svg]
[bvite-html.pixelwibes.in/assets/images/flags/4x3/qa.svg]
[bvite-html.pixelwibes.in/assets/images/flags/4x3/cg.svg]
[bvite-html.pixelwibes.in/assets/images/flags/4x3/ro.svg]
[bvite-html.pixelwibes.in/assets/images/flags/4x3/ru.svg]
[bvite-html.pixelwibes.in/assets/images/flags/4x3/rw.svg]
[bvite-html.pixelwibes.in/assets/images/flags/4x3/re.svg]
[bvite-html.pixelwibes.in/assets/images/flags/4x3/bl.svg]
[bvite-html.pixelwibes.in/assets/images/flags/4x3/sh.svg]
[bvite-html.pixelwibes.in/assets/images/flags/4x3/kn.svg]
[bvite-html.pixelwibes.in/assets/images/flags/4x3/lc.svg]
[bvite-html.pixelwibes.in/assets/images/flags/4x3/mf.svg]
[bvite-html.pixelwibes.in/assets/images/flags/4x3/pm.svg]
[bvite-html.pixelwibes.in/assets/images/flags/4x3/vc.svg]
[bvite-html.pixelwibes.in/assets/images/flags/4x3/ws.svg]
[bvite-html.pixelwibes.in/assets/images/flags/4x3/sm.svg]
[bvite-html.pixelwibes.in/assets/images/flags/4x3/st.svg]
[bvite-html.pixelwibes.in/assets/images/flags/4x3/sa.svg]
[bvite-html.pixelwibes.in/assets/images/flags/4x3/gb-sct.svg]
[bvite-html.pixelwibes.in/assets/images/flags/4x3/sn.svg]
[bvite-html.pixelwibes.in/assets/images/flags/4x3/rs.svg]
[bvite-html.pixelwibes.in/assets/images/flags/4x3/sc.svg]
[bvite-html.pixelwibes.in/assets/images/flags/4x3/sl.svg]
[bvite-html.pixelwibes.in/assets/images/flags/4x3/sg.svg]
[bvite-html.pixelwibes.in/assets/images/flags/4x3/sx.svg]
[bvite-html.pixelwibes.in/assets/images/flags/4x3/sk.svg]
[bvite-html.pixelwibes.in/assets/images/flags/4x3/si.svg]
[bvite-html.pixelwibes.in/assets/images/flags/4x3/sb.svg]
[bvite-html.pixelwibes.in/assets/images/flags/4x3/so.svg]
[bvite-html.pixelwibes.in/assets/images/flags/4x3/za.svg]
[bvite-html.pixelwibes.in/assets/images/flags/4x3/gs.svg]
[bvite-html.pixelwibes.in/assets/images/flags/4x3/kr.svg]
[bvite-html.pixelwibes.in/assets/images/flags/4x3/ss.svg]
[bvite-html.pixelwibes.in/assets/images/flags/4x3/es.svg]
[bvite-html.pixelwibes.in/assets/images/flags/4x3/lk.svg]
[bvite-html.pixelwibes.in/assets/images/flags/4x3/ps.svg]
[bvite-html.pixelwibes.in/assets/images/flags/4x3/sd.svg]
[bvite-html.pixelwibes.in/assets/images/flags/4x3/sr.svg]
[bvite-html.pixelwibes.in/assets/images/flags/4x3/sj.svg]
[bvite-html.pixelwibes.in/assets/images/flags/4x3/sz.svg]
[bvite-html.pixelwibes.in/assets/images/flags/4x3/se.svg]
[bvite-html.pixelwibes.in/assets/images/flags/4x3/ch.svg]
[bvite-html.pixelwibes.in/assets/images/flags/4x3/sy.svg]
[bvite-html.pixelwibes.in/assets/images/flags/4x3/tw.svg]
[bvite-html.pixelwibes.in/assets/images/flags/4x3/tj.svg]
[bvite-html.pixelwibes.in/assets/images/flags/4x3/tz.svg]
[bvite-html.pixelwibes.in/assets/images/flags/4x3/th.svg]
[bvite-html.pixelwibes.in/assets/images/flags/4x3/tl.svg]
[bvite-html.pixelwibes.in/assets/images/flags/4x3/tg.svg]
[bvite-html.pixelwibes.in/assets/images/flags/4x3/tk.svg]
[bvite-html.pixelwibes.in/assets/images/flags/4x3/to.svg]
[bvite-html.pixelwibes.in/assets/images/flags/4x3/tt.svg]
[bvite-html.pixelwibes.in/assets/images/flags/4x3/tn.svg]
[bvite-html.pixelwibes.in/assets/images/flags/4x3/tr.svg]
[bvite-html.pixelwibes.in/assets/images/flags/4x3/tm.svg]
[bvite-html.pixelwibes.in/assets/images/flags/4x3/tc.svg]
[bvite-html.pixelwibes.in/assets/images/flags/4x3/tv.svg]
[bvite-html.pixelwibes.in/assets/images/flags/4x3/ug.svg]
[bvite-html.pixelwibes.in/assets/images/flags/4x3/ua.svg]
[bvite-html.pixelwibes.in/assets/images/flags/4x3/ae.svg]
[bvite-html.pixelwibes.in/assets/images/flags/4x3/gb.svg]
[bvite-html.pixelwibes.in/assets/images/flags/4x3/um.svg]
[bvite-html.pixelwibes.in/assets/images/flags/4x3/us.svg]
[bvite-html.pixelwibes.in/assets/images/flags/4x3/uy.svg]
[bvite-html.pixelwibes.in/assets/images/flags/4x3/uz.svg]
[bvite-html.pixelwibes.in/assets/images/flags/4x3/vu.svg]
[bvite-html.pixelwibes.in/assets/images/flags/4x3/ve.svg]
[bvite-html.pixelwibes.in/assets/images/flags/4x3/vn.svg]
[bvite-html.pixelwibes.in/assets/images/flags/4x3/vg.svg]
[bvite-html.pixelwibes.in/assets/images/flags/4x3/vi.svg]
[bvite-html.pixelwibes.in/assets/images/flags/4x3/gb-wls.svg]
[bvite-html.pixelwibes.in/assets/images/flags/4x3/wf.svg]
[bvite-html.pixelwibes.in/assets/images/flags/4x3/eh.svg]
[bvite-html.pixelwibes.in/assets/images/flags/4x3/ye.svg]
[bvite-html.pixelwibes.in/assets/images/flags/4x3/zm.svg]
[bvite-html.pixelwibes.in/assets/images/flags/4x3/zw.svg]
[bvite-html.pixelwibes.in/assets/css/flatpickr.min.css]
[bvite-html.pixelwibes.in/assets/bundles/flatpickr.bundle.js]
[bvite-html.pixelwibes.in/assets/bundles/inputmask.bundle.js]
[bvite-html.pixelwibes.in/assets/css/jsvectormap.min.css]
[bvite-html.pixelwibes.in/assets/bundles/jsvectormap.bundle.js]
[bvite-html.pixelwibes.in/docs/Trident/index.html]
[bvite-html.pixelwibes.in/assets/bundles/sortablejs.bundle.js]
[bvite-html.pixelwibes.in/assets/css/sweetalert2.min.css]
[bvite-html.pixelwibes.in/assets/bundles/sweetalert2.bundle.js]
[bvite-html.pixelwibes.in/assets/css/tagify.min.css]
[bvite-html.pixelwibes.in/assets/bundles/tagify.bundle.js]
[bvite-html.pixelwibes.in/assets/css/tinyslider.min.css]
[bvite-html.pixelwibes.in/assets/bundles/tinyslider.bundle.js]
[bvite-html.pixelwibes.in/node_modules/tui-code-snippet/dist/tui-code-snippet.min.html]
[bvite-html.pixelwibes.in/node_modules/tui-time-picker/dist/tui-time-picker.html]
[bvite-html.pixelwibes.in/node_modules/tui-date-picker/dist/tui-date-picker.html]
[bvite-html.pixelwibes.in/assets/css/select2.min.css]
[bvite-html.pixelwibes.in/assets/bundles/select2.bundle.js]
[bvite-html.pixelwibes.in/assets/css/font/summernoted41d.html]
[bvite-html.pixelwibes.in/assets/css/font/summernote.html]
[bvite-html.pixelwibes.in/assets/css/font/summernote-2.html]
[bvite-html.pixelwibes.in/assets/css/font/summernote-3.html]
[bvite-html.pixelwibes.in/resize/index.html]
[bvite-html.pixelwibes.in/move/index.html]
[bvite-html.pixelwibes.in/GET.html]
[bvite-html.pixelwibes.in/docs/Trident/index.html]
